<?xml version="1.0" encoding="UTF-8" ?>
<InstallLog>
	<InstallName>Plants vs. Zombies</InstallName>
	<AppDataSuffix>%PartnerName%\%ProdName%</AppDataSuffix>
	<UninstallDeltree>e:\Program Files\PopCap Games\Plants vs. Zombies</UninstallDeltree>
	<UninstallDeltree>C:\ProgramData\PopCap Games\PlantsVsZombies</UninstallDeltree>
	<UninstallDeltree>C:\ProgramData\Microsoft\Windows\Start Menu\Programs\PopCap Games\Plants vs. Zombies</UninstallDeltree>
	<UserDirectory>C:\ProgramData\PopCap Games\PlantsVsZombies\userdata</UserDirectory>
	<UserDirectory></UserDirectory>
	<UninstallDelRegKey>HKLM\SOFTWARE\PopCap\PlantsVsZombies</UninstallDelRegKey>
	<UninstallDelRegKey>HKCU\SOFTWARE\PopCap\PlantsVsZombies</UninstallDelRegKey>
	<UserRegKey>HKCU\SOFTWARE\PopCap\PlantsVsZombies</UserRegKey>
	<File>e:\Program Files\PopCap Games\Plants vs. Zombies\bass.dll</File>
	<File>e:\Program Files\PopCap Games\Plants vs. Zombies\drm\content\Base\allscreens\control.xml.bin</File>
	<File>e:\Program Files\PopCap Games\Plants vs. Zombies\drm\content\Base\allscreens\control.xml.bin.sig</File>
	<File>e:\Program Files\PopCap Games\Plants vs. Zombies\drm\content\Base\allscreens\layout.xml.bin</File>
	<File>e:\Program Files\PopCap Games\Plants vs. Zombies\drm\content\Base\allscreens\layout.xml.bin.sig</File>
	<File>e:\Program Files\PopCap Games\Plants vs. Zombies\drm\content\Base\allscreens\strings.xml.bin</File>
	<File>e:\Program Files\PopCap Games\Plants vs. Zombies\drm\content\Base\allscreens\strings.xml.bin.sig</File>
	<File>e:\Program Files\PopCap Games\Plants vs. Zombies\drm\content\Base\common\commonLayout.xml.bin</File>
	<File>e:\Program Files\PopCap Games\Plants vs. Zombies\drm\content\Base\common\commonLayout.xml.bin.sig</File>
	<File>e:\Program Files\PopCap Games\Plants vs. Zombies\drm\content\Base\common\control.xml.bin</File>
	<File>e:\Program Files\PopCap Games\Plants vs. Zombies\drm\content\Base\common\control.xml.bin.sig</File>
	<File>e:\Program Files\PopCap Games\Plants vs. Zombies\drm\content\Base\common\LevelLockedCommonLayout.xml.bin</File>
	<File>e:\Program Files\PopCap Games\Plants vs. Zombies\drm\content\Base\common\LevelLockedCommonLayout.xml.bin.sig</File>
	<File>e:\Program Files\PopCap Games\Plants vs. Zombies\drm\content\Base\common\strings.xml.bin</File>
	<File>e:\Program Files\PopCap Games\Plants vs. Zombies\drm\content\Base\common\strings.xml.bin.sig</File>
	<File>e:\Program Files\PopCap Games\Plants vs. Zombies\drm\content\Base\common\TimeTrialCommonLayout.xml.bin</File>
	<File>e:\Program Files\PopCap Games\Plants vs. Zombies\drm\content\Base\common\TimeTrialCommonLayout.xml.bin.sig</File>
	<File>e:\Program Files\PopCap Games\Plants vs. Zombies\drm\content\Base\esrb\control.xml.bin</File>
	<File>e:\Program Files\PopCap Games\Plants vs. Zombies\drm\content\Base\esrb\control.xml.bin.sig</File>
	<File>e:\Program Files\PopCap Games\Plants vs. Zombies\drm\content\Base\esrb\EsrbLayout.xml.bin</File>
	<File>e:\Program Files\PopCap Games\Plants vs. Zombies\drm\content\Base\esrb\EsrbLayout.xml.bin.sig</File>
	<File>e:\Program Files\PopCap Games\Plants vs. Zombies\drm\content\Base\esrb\EsrbWithDescriptorsLayout.xml.bin</File>
	<File>e:\Program Files\PopCap Games\Plants vs. Zombies\drm\content\Base\esrb\EsrbWithDescriptorsLayout.xml.bin.sig</File>
	<File>e:\Program Files\PopCap Games\Plants vs. Zombies\drm\content\Base\esrb\strings.xml.bin</File>
	<File>e:\Program Files\PopCap Games\Plants vs. Zombies\drm\content\Base\esrb\strings.xml.bin.sig</File>
	<File>e:\Program Files\PopCap Games\Plants vs. Zombies\drm\content\Base\footer\control.xml.bin</File>
	<File>e:\Program Files\PopCap Games\Plants vs. Zombies\drm\content\Base\footer\control.xml.bin.sig</File>
	<File>e:\Program Files\PopCap Games\Plants vs. Zombies\drm\content\Base\footer\layout.xml.bin</File>
	<File>e:\Program Files\PopCap Games\Plants vs. Zombies\drm\content\Base\footer\layout.xml.bin.sig</File>
	<File>e:\Program Files\PopCap Games\Plants vs. Zombies\drm\content\Base\footer\strings.xml.bin</File>
	<File>e:\Program Files\PopCap Games\Plants vs. Zombies\drm\content\Base\footer\strings.xml.bin.sig</File>
	<File>e:\Program Files\PopCap Games\Plants vs. Zombies\drm\content\Base\header\control.xml.bin</File>
	<File>e:\Program Files\PopCap Games\Plants vs. Zombies\drm\content\Base\header\control.xml.bin.sig</File>
	<File>e:\Program Files\PopCap Games\Plants vs. Zombies\drm\content\Base\header\layout.xml.bin</File>
	<File>e:\Program Files\PopCap Games\Plants vs. Zombies\drm\content\Base\header\layout.xml.bin.sig</File>
	<File>e:\Program Files\PopCap Games\Plants vs. Zombies\drm\content\Base\helpandsecurity\control.xml.bin</File>
	<File>e:\Program Files\PopCap Games\Plants vs. Zombies\drm\content\Base\helpandsecurity\control.xml.bin.sig</File>
	<File>e:\Program Files\PopCap Games\Plants vs. Zombies\drm\content\Base\helpandsecurity\layout.xml.bin</File>
	<File>e:\Program Files\PopCap Games\Plants vs. Zombies\drm\content\Base\helpandsecurity\layout.xml.bin.sig</File>
	<File>e:\Program Files\PopCap Games\Plants vs. Zombies\drm\content\Base\helpandsecurity\strings.xml.bin</File>
	<File>e:\Program Files\PopCap Games\Plants vs. Zombies\drm\content\Base\helpandsecurity\strings.xml.bin.sig</File>
	<File>e:\Program Files\PopCap Games\Plants vs. Zombies\drm\content\Base\_common_assets\fonts\Arial10.bin</File>
	<File>e:\Program Files\PopCap Games\Plants vs. Zombies\drm\content\Base\_common_assets\fonts\Arial10Bold.bin</File>
	<File>e:\Program Files\PopCap Games\Plants vs. Zombies\drm\content\Base\_common_assets\fonts\Arial12Bold.bin</File>
	<File>e:\Program Files\PopCap Games\Plants vs. Zombies\drm\content\Base\_common_assets\fonts\Arial9.bin</File>
	<File>e:\Program Files\PopCap Games\Plants vs. Zombies\drm\content\Base\_common_assets\fonts\Arial9Bold.bin</File>
	<File>e:\Program Files\PopCap Games\Plants vs. Zombies\drm\content\Base\_common_assets\fonts\Calibri11.bin</File>
	<File>e:\Program Files\PopCap Games\Plants vs. Zombies\drm\content\Base\_common_assets\fonts\Calibri11_layer0_.gif</File>
	<File>e:\Program Files\PopCap Games\Plants vs. Zombies\drm\content\Base\_common_assets\fonts\Calibri12.bin</File>
	<File>e:\Program Files\PopCap Games\Plants vs. Zombies\drm\content\Base\_common_assets\fonts\Calibri12_layer0_.gif</File>
	<File>e:\Program Files\PopCap Games\Plants vs. Zombies\drm\content\Base\_common_assets\fonts\Calibri8.bin</File>
	<File>e:\Program Files\PopCap Games\Plants vs. Zombies\drm\content\Base\_common_assets\fonts\Calibri8_layer0_.gif</File>
	<File>e:\Program Files\PopCap Games\Plants vs. Zombies\drm\content\Base\_common_assets\fonts\HelveticaRoman10.bin</File>
	<File>e:\Program Files\PopCap Games\Plants vs. Zombies\drm\content\Base\_common_assets\fonts\HelveticaRoman10_layer0_.gif</File>
	<File>e:\Program Files\PopCap Games\Plants vs. Zombies\drm\content\Base\_common_assets\fonts\HelveticaRoman18.bin</File>
	<File>e:\Program Files\PopCap Games\Plants vs. Zombies\drm\content\Base\_common_assets\fonts\HelveticaRoman18_layer0_.gif</File>
	<File>e:\Program Files\PopCap Games\Plants vs. Zombies\drm\content\Base\_common_assets\fonts\MyriadPro9.bin</File>
	<File>e:\Program Files\PopCap Games\Plants vs. Zombies\drm\content\Base\_common_assets\fonts\MyriadPro9_layer0_.gif</File>
	<File>e:\Program Files\PopCap Games\Plants vs. Zombies\drm\content\Base\_common_assets\fonts\Omnes-Semibold12.bin</File>
	<File>e:\Program Files\PopCap Games\Plants vs. Zombies\drm\content\Base\_common_assets\fonts\Omnes-Semibold12_layer0_.gif</File>
	<File>e:\Program Files\PopCap Games\Plants vs. Zombies\drm\content\Base\_common_assets\fonts\Omnes-Semibold14.bin</File>
	<File>e:\Program Files\PopCap Games\Plants vs. Zombies\drm\content\Base\_common_assets\fonts\Omnes-Semibold14_layer0_.gif</File>
	<File>e:\Program Files\PopCap Games\Plants vs. Zombies\drm\content\Base\_common_assets\fonts\OmnesBold14.bin</File>
	<File>e:\Program Files\PopCap Games\Plants vs. Zombies\drm\content\Base\_common_assets\fonts\OmnesBold14_layer0_.gif</File>
	<File>e:\Program Files\PopCap Games\Plants vs. Zombies\drm\content\Base\_common_assets\fonts\OmnesMedium13.bin</File>
	<File>e:\Program Files\PopCap Games\Plants vs. Zombies\drm\content\Base\_common_assets\fonts\OmnesMedium13_layer0_.gif</File>
	<File>e:\Program Files\PopCap Games\Plants vs. Zombies\drm\content\Base\_common_assets\fonts\OmnesMedium14.bin</File>
	<File>e:\Program Files\PopCap Games\Plants vs. Zombies\drm\content\Base\_common_assets\fonts\OmnesMedium14_layer0_.gif</File>
	<File>e:\Program Files\PopCap Games\Plants vs. Zombies\drm\content\Base\_common_assets\fonts\OmnesMedium18.bin</File>
	<File>e:\Program Files\PopCap Games\Plants vs. Zombies\drm\content\Base\_common_assets\fonts\OmnesMedium18_layer0_.gif</File>
	<File>e:\Program Files\PopCap Games\Plants vs. Zombies\drm\content\Base\_common_assets\fonts\OmnesMedium20.bin</File>
	<File>e:\Program Files\PopCap Games\Plants vs. Zombies\drm\content\Base\_common_assets\fonts\OmnesMedium20_layer0_.gif</File>
	<File>e:\Program Files\PopCap Games\Plants vs. Zombies\drm\content\Base\_common_assets\fonts\OmnesMedium24.bin</File>
	<File>e:\Program Files\PopCap Games\Plants vs. Zombies\drm\content\Base\_common_assets\fonts\OmnesMedium24_layer0_.gif</File>
	<File>e:\Program Files\PopCap Games\Plants vs. Zombies\drm\content\Base\_common_assets\fonts\OmnesRegular14.bin</File>
	<File>e:\Program Files\PopCap Games\Plants vs. Zombies\drm\content\Base\_common_assets\fonts\OmnesRegular14_layer0_.gif</File>
	<File>e:\Program Files\PopCap Games\Plants vs. Zombies\drm\content\Base\_common_assets\fonts\TrebBold12.bin</File>
	<File>e:\Program Files\PopCap Games\Plants vs. Zombies\drm\content\Base\_common_assets\fonts\TrebBold12_layer0_.gif</File>
	<File>e:\Program Files\PopCap Games\Plants vs. Zombies\drm\content\Base\_common_assets\fonts\TrebItalic9.bin</File>
	<File>e:\Program Files\PopCap Games\Plants vs. Zombies\drm\content\Base\_common_assets\fonts\TrebItalic9_layer0_.gif</File>
	<File>e:\Program Files\PopCap Games\Plants vs. Zombies\drm\content\Base\_common_assets\fonts\TrebStroke18.bin</File>
	<File>e:\Program Files\PopCap Games\Plants vs. Zombies\drm\content\Base\_common_assets\fonts\TrebStroke18_layer0_.gif</File>
	<File>e:\Program Files\PopCap Games\Plants vs. Zombies\drm\content\Base\_common_assets\fonts\TrebStroke18_layer1_.gif</File>
	<File>e:\Program Files\PopCap Games\Plants vs. Zombies\drm\content\Base\_common_assets\fonts\_Arial10.png</File>
	<File>e:\Program Files\PopCap Games\Plants vs. Zombies\drm\content\Base\_common_assets\fonts\_Arial10Bold.png</File>
	<File>e:\Program Files\PopCap Games\Plants vs. Zombies\drm\content\Base\_common_assets\fonts\_Arial12Bold.png</File>
	<File>e:\Program Files\PopCap Games\Plants vs. Zombies\drm\content\Base\_common_assets\fonts\_Arial9.png</File>
	<File>e:\Program Files\PopCap Games\Plants vs. Zombies\drm\content\Base\_common_assets\fonts\_Arial9Bold.png</File>
	<File>e:\Program Files\PopCap Games\Plants vs. Zombies\drm\content\Base\_common_assets\images\bbb.png</File>
	<File>e:\Program Files\PopCap Games\Plants vs. Zombies\drm\content\Base\_common_assets\images\bullet.png</File>
	<File>e:\Program Files\PopCap Games\Plants vs. Zombies\drm\content\Base\_common_assets\images\buy_intro_down.png</File>
	<File>e:\Program Files\PopCap Games\Plants vs. Zombies\drm\content\Base\_common_assets\images\buy_intro_norm.png</File>
	<File>e:\Program Files\PopCap Games\Plants vs. Zombies\drm\content\Base\_common_assets\images\buy_intro_over.png</File>
	<File>e:\Program Files\PopCap Games\Plants vs. Zombies\drm\content\Base\_common_assets\images\buy_outro_down.png</File>
	<File>e:\Program Files\PopCap Games\Plants vs. Zombies\drm\content\Base\_common_assets\images\buy_outro_norm.png</File>
	<File>e:\Program Files\PopCap Games\Plants vs. Zombies\drm\content\Base\_common_assets\images\buy_outro_over.png</File>
	<File>e:\Program Files\PopCap Games\Plants vs. Zombies\drm\content\Base\_common_assets\images\common\btn_close.png</File>
	<File>e:\Program Files\PopCap Games\Plants vs. Zombies\drm\content\Base\_common_assets\images\common\btn_close_down.jpg</File>
	<File>e:\Program Files\PopCap Games\Plants vs. Zombies\drm\content\Base\_common_assets\images\common\btn_close_down_.gif</File>
	<File>e:\Program Files\PopCap Games\Plants vs. Zombies\drm\content\Base\_common_assets\images\common\btn_close_over.png</File>
	<File>e:\Program Files\PopCap Games\Plants vs. Zombies\drm\content\Base\_common_assets\images\common\modal_bg.png</File>
	<File>e:\Program Files\PopCap Games\Plants vs. Zombies\drm\content\Base\_common_assets\images\common\modal_overlay.jpg</File>
	<File>e:\Program Files\PopCap Games\Plants vs. Zombies\drm\content\Base\_common_assets\images\common\modal_overlay_.gif</File>
	<File>e:\Program Files\PopCap Games\Plants vs. Zombies\drm\content\Base\_common_assets\images\esrb.png</File>
	<File>e:\Program Files\PopCap Games\Plants vs. Zombies\drm\content\Base\_common_assets\images\footer_background.png</File>
	<File>e:\Program Files\PopCap Games\Plants vs. Zombies\drm\content\Base\_common_assets\images\header.png</File>
	<File>e:\Program Files\PopCap Games\Plants vs. Zombies\drm\content\Base\_common_assets\images\help_down.png</File>
	<File>e:\Program Files\PopCap Games\Plants vs. Zombies\drm\content\Base\_common_assets\images\help_norm.png</File>
	<File>e:\Program Files\PopCap Games\Plants vs. Zombies\drm\content\Base\_common_assets\images\help_over.png</File>
	<File>e:\Program Files\PopCap Games\Plants vs. Zombies\drm\content\Base\_common_assets\images\playtrial_down.png</File>
	<File>e:\Program Files\PopCap Games\Plants vs. Zombies\drm\content\Base\_common_assets\images\playtrial_norm.png</File>
	<File>e:\Program Files\PopCap Games\Plants vs. Zombies\drm\content\Base\_common_assets\images\playtrial_over.png</File>
	<File>e:\Program Files\PopCap Games\Plants vs. Zombies\drm\content\Base\_common_assets\images\play_down.png</File>
	<File>e:\Program Files\PopCap Games\Plants vs. Zombies\drm\content\Base\_common_assets\images\play_norm.png</File>
	<File>e:\Program Files\PopCap Games\Plants vs. Zombies\drm\content\Base\_common_assets\images\play_over.png</File>
	<File>e:\Program Files\PopCap Games\Plants vs. Zombies\drm\content\Base\_common_assets\images\popcap.png</File>
	<File>e:\Program Files\PopCap Games\Plants vs. Zombies\drm\content\Base\_common_assets\images\price.png</File>
	<File>e:\Program Files\PopCap Games\Plants vs. Zombies\drm\content\Base\_common_assets\images\register_small_down.png</File>
	<File>e:\Program Files\PopCap Games\Plants vs. Zombies\drm\content\Base\_common_assets\images\register_small_norm.png</File>
	<File>e:\Program Files\PopCap Games\Plants vs. Zombies\drm\content\Base\_common_assets\images\register_small_over.png</File>
	<File>e:\Program Files\PopCap Games\Plants vs. Zombies\drm\content\Base\_common_assets\images\security_down.png</File>
	<File>e:\Program Files\PopCap Games\Plants vs. Zombies\drm\content\Base\_common_assets\images\security_norm.png</File>
	<File>e:\Program Files\PopCap Games\Plants vs. Zombies\drm\content\Base\_common_assets\images\security_over.png</File>
	<File>e:\Program Files\PopCap Games\Plants vs. Zombies\drm\content\Base\_common_assets\strings.xml.bin</File>
	<File>e:\Program Files\PopCap Games\Plants vs. Zombies\drm\content\Base\_common_assets\strings.xml.bin.sig</File>
	<File>e:\Program Files\PopCap Games\Plants vs. Zombies\drm\content\contentdb.xml.bin</File>
	<File>e:\Program Files\PopCap Games\Plants vs. Zombies\drm\content\contentdb.xml.bin.sig</File>
	<File>e:\Program Files\PopCap Games\Plants vs. Zombies\drm\content\PromoBlurb\control.xml.bin</File>
	<File>e:\Program Files\PopCap Games\Plants vs. Zombies\drm\content\PromoBlurb\control.xml.bin.sig</File>
	<File>e:\Program Files\PopCap Games\Plants vs. Zombies\drm\content\PromoBlurb\PromoBlurb\control.xml.bin</File>
	<File>e:\Program Files\PopCap Games\Plants vs. Zombies\drm\content\PromoBlurb\PromoBlurb\control.xml.bin.sig</File>
	<File>e:\Program Files\PopCap Games\Plants vs. Zombies\drm\content\PromoBlurb\PromoBlurb\promoblurb.xml.bin</File>
	<File>e:\Program Files\PopCap Games\Plants vs. Zombies\drm\content\PromoBlurb\PromoBlurb\promoblurb.xml.bin.sig</File>
	<File>e:\Program Files\PopCap Games\Plants vs. Zombies\drm\content\PromoBlurb\promoblurb.xml.bin</File>
	<File>e:\Program Files\PopCap Games\Plants vs. Zombies\drm\content\PromoBlurb\promoblurb.xml.bin.sig</File>
	<File>e:\Program Files\PopCap Games\Plants vs. Zombies\drm\content\Purchase\APScreen\control.xml.bin</File>
	<File>e:\Program Files\PopCap Games\Plants vs. Zombies\drm\content\Purchase\APScreen\control.xml.bin.sig</File>
	<File>e:\Program Files\PopCap Games\Plants vs. Zombies\drm\content\Purchase\APScreen\layout.xml.bin</File>
	<File>e:\Program Files\PopCap Games\Plants vs. Zombies\drm\content\Purchase\APScreen\layout.xml.bin.sig</File>
	<File>e:\Program Files\PopCap Games\Plants vs. Zombies\drm\content\Purchase\BuyConnectCheck\control.xml.bin</File>
	<File>e:\Program Files\PopCap Games\Plants vs. Zombies\drm\content\Purchase\BuyConnectCheck\control.xml.bin.sig</File>
	<File>e:\Program Files\PopCap Games\Plants vs. Zombies\drm\content\Purchase\BuyConnectCheck\layout.xml.bin</File>
	<File>e:\Program Files\PopCap Games\Plants vs. Zombies\drm\content\Purchase\BuyConnectCheck\layout.xml.bin.sig</File>
	<File>e:\Program Files\PopCap Games\Plants vs. Zombies\drm\content\Purchase\purchase\control.xml.bin</File>
	<File>e:\Program Files\PopCap Games\Plants vs. Zombies\drm\content\Purchase\purchase\control.xml.bin.sig</File>
	<File>e:\Program Files\PopCap Games\Plants vs. Zombies\drm\content\Purchase\purchase\layout.xml.bin</File>
	<File>e:\Program Files\PopCap Games\Plants vs. Zombies\drm\content\Purchase\purchase\layout.xml.bin.sig</File>
	<File>e:\Program Files\PopCap Games\Plants vs. Zombies\drm\content\Purchase\RegConnectCheck\control.xml.bin</File>
	<File>e:\Program Files\PopCap Games\Plants vs. Zombies\drm\content\Purchase\RegConnectCheck\control.xml.bin.sig</File>
	<File>e:\Program Files\PopCap Games\Plants vs. Zombies\drm\content\Purchase\RegConnectCheck\layout.xml.bin</File>
	<File>e:\Program Files\PopCap Games\Plants vs. Zombies\drm\content\Purchase\RegConnectCheck\layout.xml.bin.sig</File>
	<File>e:\Program Files\PopCap Games\Plants vs. Zombies\drm\content\Purchase\RegSucceeded\control.xml.bin</File>
	<File>e:\Program Files\PopCap Games\Plants vs. Zombies\drm\content\Purchase\RegSucceeded\control.xml.bin.sig</File>
	<File>e:\Program Files\PopCap Games\Plants vs. Zombies\drm\content\Purchase\RegSucceeded\layout.xml.bin</File>
	<File>e:\Program Files\PopCap Games\Plants vs. Zombies\drm\content\Purchase\RegSucceeded\layout.xml.bin.sig</File>
	<File>e:\Program Files\PopCap Games\Plants vs. Zombies\drm\content\Purchase\ResendReceiptConnectCheck\control.xml.bin</File>
	<File>e:\Program Files\PopCap Games\Plants vs. Zombies\drm\content\Purchase\ResendReceiptConnectCheck\control.xml.bin.sig</File>
	<File>e:\Program Files\PopCap Games\Plants vs. Zombies\drm\content\Purchase\ResendReceiptConnectCheck\layout.xml.bin</File>
	<File>e:\Program Files\PopCap Games\Plants vs. Zombies\drm\content\Purchase\ResendReceiptConnectCheck\layout.xml.bin.sig</File>
	<File>e:\Program Files\PopCap Games\Plants vs. Zombies\drm\content\Purchase\ResendReceiptScreen\control.xml.bin</File>
	<File>e:\Program Files\PopCap Games\Plants vs. Zombies\drm\content\Purchase\ResendReceiptScreen\control.xml.bin.sig</File>
	<File>e:\Program Files\PopCap Games\Plants vs. Zombies\drm\content\Purchase\ResendReceiptScreen\layout.xml.bin</File>
	<File>e:\Program Files\PopCap Games\Plants vs. Zombies\drm\content\Purchase\ResendReceiptScreen\layout.xml.bin.sig</File>
	<File>e:\Program Files\PopCap Games\Plants vs. Zombies\drm\content\Purchase\_common_assets\ConnectCheckAnimation.xml.bin</File>
	<File>e:\Program Files\PopCap Games\Plants vs. Zombies\drm\content\Purchase\_common_assets\ConnectCheckAnimation.xml.bin.sig</File>
	<File>e:\Program Files\PopCap Games\Plants vs. Zombies\drm\content\Purchase\_common_assets\ConnectCheckAnimation_SingleBall.xml.bin</File>
	<File>e:\Program Files\PopCap Games\Plants vs. Zombies\drm\content\Purchase\_common_assets\ConnectCheckAnimation_SingleBall.xml.bin.sig</File>
	<File>e:\Program Files\PopCap Games\Plants vs. Zombies\drm\content\Purchase\_common_assets\images\registration\btn_cancel.jpg</File>
	<File>e:\Program Files\PopCap Games\Plants vs. Zombies\drm\content\Purchase\_common_assets\images\registration\btn_cancel_.gif</File>
	<File>e:\Program Files\PopCap Games\Plants vs. Zombies\drm\content\Purchase\_common_assets\images\registration\btn_cancel_down.jpg</File>
	<File>e:\Program Files\PopCap Games\Plants vs. Zombies\drm\content\Purchase\_common_assets\images\registration\btn_cancel_down_.gif</File>
	<File>e:\Program Files\PopCap Games\Plants vs. Zombies\drm\content\Purchase\_common_assets\images\registration\btn_cancel_over.jpg</File>
	<File>e:\Program Files\PopCap Games\Plants vs. Zombies\drm\content\Purchase\_common_assets\images\registration\btn_cancel_over_.gif</File>
	<File>e:\Program Files\PopCap Games\Plants vs. Zombies\drm\content\Purchase\_common_assets\images\registration\btn_continue.jpg</File>
	<File>e:\Program Files\PopCap Games\Plants vs. Zombies\drm\content\Purchase\_common_assets\images\registration\btn_continue_.gif</File>
	<File>e:\Program Files\PopCap Games\Plants vs. Zombies\drm\content\Purchase\_common_assets\images\registration\btn_continue_down.jpg</File>
	<File>e:\Program Files\PopCap Games\Plants vs. Zombies\drm\content\Purchase\_common_assets\images\registration\btn_continue_down_.gif</File>
	<File>e:\Program Files\PopCap Games\Plants vs. Zombies\drm\content\Purchase\_common_assets\images\registration\btn_continue_over.jpg</File>
	<File>e:\Program Files\PopCap Games\Plants vs. Zombies\drm\content\Purchase\_common_assets\images\registration\btn_continue_over_.gif</File>
	<File>e:\Program Files\PopCap Games\Plants vs. Zombies\drm\content\Purchase\_common_assets\images\registration\btn_lost_email_rec.jpg</File>
	<File>e:\Program Files\PopCap Games\Plants vs. Zombies\drm\content\Purchase\_common_assets\images\registration\btn_lost_email_rec_.gif</File>
	<File>e:\Program Files\PopCap Games\Plants vs. Zombies\drm\content\Purchase\_common_assets\images\registration\btn_lost_email_rec_down.jpg</File>
	<File>e:\Program Files\PopCap Games\Plants vs. Zombies\drm\content\Purchase\_common_assets\images\registration\btn_lost_email_rec_down_.gif</File>
	<File>e:\Program Files\PopCap Games\Plants vs. Zombies\drm\content\Purchase\_common_assets\images\registration\btn_lost_email_rec_over.jpg</File>
	<File>e:\Program Files\PopCap Games\Plants vs. Zombies\drm\content\Purchase\_common_assets\images\registration\btn_lost_email_rec_over_.gif</File>
	<File>e:\Program Files\PopCap Games\Plants vs. Zombies\drm\content\Purchase\_common_assets\images\registration\btn_receipt.jpg</File>
	<File>e:\Program Files\PopCap Games\Plants vs. Zombies\drm\content\Purchase\_common_assets\images\registration\btn_receipt_.gif</File>
	<File>e:\Program Files\PopCap Games\Plants vs. Zombies\drm\content\Purchase\_common_assets\images\registration\btn_receipt_down.jpg</File>
	<File>e:\Program Files\PopCap Games\Plants vs. Zombies\drm\content\Purchase\_common_assets\images\registration\btn_receipt_down_.gif</File>
	<File>e:\Program Files\PopCap Games\Plants vs. Zombies\drm\content\Purchase\_common_assets\images\registration\btn_receipt_over.jpg</File>
	<File>e:\Program Files\PopCap Games\Plants vs. Zombies\drm\content\Purchase\_common_assets\images\registration\btn_receipt_over_.gif</File>
	<File>e:\Program Files\PopCap Games\Plants vs. Zombies\drm\content\Purchase\_common_assets\images\registration\btn_register.jpg</File>
	<File>e:\Program Files\PopCap Games\Plants vs. Zombies\drm\content\Purchase\_common_assets\images\registration\btn_register_.gif</File>
	<File>e:\Program Files\PopCap Games\Plants vs. Zombies\drm\content\Purchase\_common_assets\images\registration\btn_register_down.jpg</File>
	<File>e:\Program Files\PopCap Games\Plants vs. Zombies\drm\content\Purchase\_common_assets\images\registration\btn_register_down_.gif</File>
	<File>e:\Program Files\PopCap Games\Plants vs. Zombies\drm\content\Purchase\_common_assets\images\registration\btn_register_over.jpg</File>
	<File>e:\Program Files\PopCap Games\Plants vs. Zombies\drm\content\Purchase\_common_assets\images\registration\btn_register_over_.gif</File>
	<File>e:\Program Files\PopCap Games\Plants vs. Zombies\drm\content\Purchase\_common_assets\images\registration\btn_retry.jpg</File>
	<File>e:\Program Files\PopCap Games\Plants vs. Zombies\drm\content\Purchase\_common_assets\images\registration\btn_retry_.gif</File>
	<File>e:\Program Files\PopCap Games\Plants vs. Zombies\drm\content\Purchase\_common_assets\images\registration\btn_retry_down.jpg</File>
	<File>e:\Program Files\PopCap Games\Plants vs. Zombies\drm\content\Purchase\_common_assets\images\registration\btn_retry_down_.gif</File>
	<File>e:\Program Files\PopCap Games\Plants vs. Zombies\drm\content\Purchase\_common_assets\images\registration\btn_retry_over.jpg</File>
	<File>e:\Program Files\PopCap Games\Plants vs. Zombies\drm\content\Purchase\_common_assets\images\registration\btn_retry_over_.gif</File>
	<File>e:\Program Files\PopCap Games\Plants vs. Zombies\drm\content\Purchase\_common_assets\images\registration\connecting.jpg</File>
	<File>e:\Program Files\PopCap Games\Plants vs. Zombies\drm\content\Purchase\_common_assets\images\registration\connecting_.gif</File>
	<File>e:\Program Files\PopCap Games\Plants vs. Zombies\drm\content\Purchase\_common_assets\images\registration\editbox_bg.jpg</File>
	<File>e:\Program Files\PopCap Games\Plants vs. Zombies\drm\content\Purchase\_common_assets\images\registration\editbox_bg_.gif</File>
	<File>e:\Program Files\PopCap Games\Plants vs. Zombies\drm\content\Purchase\_common_assets\images\registration\error_bg.jpg</File>
	<File>e:\Program Files\PopCap Games\Plants vs. Zombies\drm\content\Purchase\_common_assets\images\registration\error_bg_.gif</File>
	<File>e:\Program Files\PopCap Games\Plants vs. Zombies\drm\content\Purchase\_common_assets\images\registration\green_check.jpg</File>
	<File>e:\Program Files\PopCap Games\Plants vs. Zombies\drm\content\Purchase\_common_assets\images\registration\green_check_.gif</File>
	<File>e:\Program Files\PopCap Games\Plants vs. Zombies\drm\content\Purchase\_common_assets\images\registration\internet.jpg</File>
	<File>e:\Program Files\PopCap Games\Plants vs. Zombies\drm\content\Purchase\_common_assets\images\registration\internet_.gif</File>
	<File>e:\Program Files\PopCap Games\Plants vs. Zombies\drm\content\Purchase\_common_assets\images\registration\lost_your_email.png</File>
	<File>e:\Program Files\PopCap Games\Plants vs. Zombies\drm\content\Purchase\_common_assets\images\registration\monitor.jpg</File>
	<File>e:\Program Files\PopCap Games\Plants vs. Zombies\drm\content\Purchase\_common_assets\images\registration\monitor_.gif</File>
	<File>e:\Program Files\PopCap Games\Plants vs. Zombies\drm\content\Purchase\_common_assets\images\registration\regbar_bigball.png</File>
	<File>e:\Program Files\PopCap Games\Plants vs. Zombies\drm\content\Purchase\_common_assets\images\registration\regbar_smallball.png</File>
	<File>e:\Program Files\PopCap Games\Plants vs. Zombies\drm\content\Purchase\_common_assets\images\registration\reg_bg.png</File>
	<File>e:\Program Files\PopCap Games\Plants vs. Zombies\drm\content\Purchase\_common_assets\images\registration\success.jpg</File>
	<File>e:\Program Files\PopCap Games\Plants vs. Zombies\drm\content\Purchase\_common_assets\images\registration\success_.gif</File>
	<File>e:\Program Files\PopCap Games\Plants vs. Zombies\drm\content\Purchase\_common_assets\strings.xml.bin</File>
	<File>e:\Program Files\PopCap Games\Plants vs. Zombies\drm\content\Purchase\_common_assets\strings.xml.bin.sig</File>
	<File>e:\Program Files\PopCap Games\Plants vs. Zombies\drm\content\Screens\expire\control.xml.bin</File>
	<File>e:\Program Files\PopCap Games\Plants vs. Zombies\drm\content\Screens\expire\control.xml.bin.sig</File>
	<File>e:\Program Files\PopCap Games\Plants vs. Zombies\drm\content\Screens\expire\expire.xml.bin</File>
	<File>e:\Program Files\PopCap Games\Plants vs. Zombies\drm\content\Screens\expire\expire.xml.bin.sig</File>
	<File>e:\Program Files\PopCap Games\Plants vs. Zombies\drm\content\Screens\intro\control.xml.bin</File>
	<File>e:\Program Files\PopCap Games\Plants vs. Zombies\drm\content\Screens\intro\control.xml.bin.sig</File>
	<File>e:\Program Files\PopCap Games\Plants vs. Zombies\drm\content\Screens\intro\intro.xml.bin</File>
	<File>e:\Program Files\PopCap Games\Plants vs. Zombies\drm\content\Screens\intro\intro.xml.bin.sig</File>
	<File>e:\Program Files\PopCap Games\Plants vs. Zombies\drm\content\Screens\outro\control.xml.bin</File>
	<File>e:\Program Files\PopCap Games\Plants vs. Zombies\drm\content\Screens\outro\control.xml.bin.sig</File>
	<File>e:\Program Files\PopCap Games\Plants vs. Zombies\drm\content\Screens\outro\outro.xml.bin</File>
	<File>e:\Program Files\PopCap Games\Plants vs. Zombies\drm\content\Screens\outro\outro.xml.bin.sig</File>
	<File>e:\Program Files\PopCap Games\Plants vs. Zombies\drm\content\Screens\purchasedendscreen\control.xml.bin</File>
	<File>e:\Program Files\PopCap Games\Plants vs. Zombies\drm\content\Screens\purchasedendscreen\control.xml.bin.sig</File>
	<File>e:\Program Files\PopCap Games\Plants vs. Zombies\drm\content\Screens\purchasedendscreen\layout.xml.bin</File>
	<File>e:\Program Files\PopCap Games\Plants vs. Zombies\drm\content\Screens\purchasedendscreen\layout.xml.bin.sig</File>
	<File>e:\Program Files\PopCap Games\Plants vs. Zombies\drm\content\Screens\purchasedintroscreen\control.xml.bin</File>
	<File>e:\Program Files\PopCap Games\Plants vs. Zombies\drm\content\Screens\purchasedintroscreen\control.xml.bin.sig</File>
	<File>e:\Program Files\PopCap Games\Plants vs. Zombies\drm\content\Screens\purchasedintroscreen\layout.xml.bin</File>
	<File>e:\Program Files\PopCap Games\Plants vs. Zombies\drm\content\Screens\purchasedintroscreen\layout.xml.bin.sig</File>
	<File>e:\Program Files\PopCap Games\Plants vs. Zombies\drm\content\Screens\_common_assets\fonts\arial-regular7.bin</File>
	<File>e:\Program Files\PopCap Games\Plants vs. Zombies\drm\content\Screens\_common_assets\fonts\arial-regular7_layer0_.gif</File>
	<File>e:\Program Files\PopCap Games\Plants vs. Zombies\drm\content\Screens\_common_assets\fonts\omnes-medium11.bin</File>
	<File>e:\Program Files\PopCap Games\Plants vs. Zombies\drm\content\Screens\_common_assets\fonts\omnes-medium11_layer0_.gif</File>
	<File>e:\Program Files\PopCap Games\Plants vs. Zombies\drm\content\Screens\_common_assets\fonts\omnes-regular13.bin</File>
	<File>e:\Program Files\PopCap Games\Plants vs. Zombies\drm\content\Screens\_common_assets\fonts\omnes-regular13_layer0_.gif</File>
	<File>e:\Program Files\PopCap Games\Plants vs. Zombies\drm\content\Screens\_common_assets\fonts\omnes-regular14.bin</File>
	<File>e:\Program Files\PopCap Games\Plants vs. Zombies\drm\content\Screens\_common_assets\fonts\omnes-regular14_layer0_.gif</File>
	<File>e:\Program Files\PopCap Games\Plants vs. Zombies\drm\content\Screens\_common_assets\fonts\omnes-regular27.bin</File>
	<File>e:\Program Files\PopCap Games\Plants vs. Zombies\drm\content\Screens\_common_assets\fonts\omnes-regular27_layer0_.gif</File>
	<File>e:\Program Files\PopCap Games\Plants vs. Zombies\drm\content\Screens\_common_assets\fonts\omnes-semibold13.bin</File>
	<File>e:\Program Files\PopCap Games\Plants vs. Zombies\drm\content\Screens\_common_assets\fonts\omnes-semibold13_layer0_.gif</File>
	<File>e:\Program Files\PopCap Games\Plants vs. Zombies\drm\content\Screens\_common_assets\images\introBackground.png</File>
	<File>e:\Program Files\PopCap Games\Plants vs. Zombies\drm\content\Screens\_common_assets\images\introLogo.png</File>
	<File>e:\Program Files\PopCap Games\Plants vs. Zombies\drm\content\Screens\_common_assets\images\price.png</File>
	<File>e:\Program Files\PopCap Games\Plants vs. Zombies\drm\content\Screens\_common_assets\images\rtpanel.png</File>
	<File>e:\Program Files\PopCap Games\Plants vs. Zombies\drm\content\Screens\_common_assets\images\time_remaining_background.png</File>
	<File>e:\Program Files\PopCap Games\Plants vs. Zombies\drm\content\UpdateUI\UpdateAvailableDialog\control.xml.bin</File>
	<File>e:\Program Files\PopCap Games\Plants vs. Zombies\drm\content\UpdateUI\UpdateAvailableDialog\control.xml.bin.sig</File>
	<File>e:\Program Files\PopCap Games\Plants vs. Zombies\drm\content\UpdateUI\UpdateAvailableDialog\layout.xml.bin</File>
	<File>e:\Program Files\PopCap Games\Plants vs. Zombies\drm\content\UpdateUI\UpdateAvailableDialog\layout.xml.bin.sig</File>
	<File>e:\Program Files\PopCap Games\Plants vs. Zombies\drm\content\UpdateUI\UpdateAvailableDialogNext\control.xml.bin</File>
	<File>e:\Program Files\PopCap Games\Plants vs. Zombies\drm\content\UpdateUI\UpdateAvailableDialogNext\control.xml.bin.sig</File>
	<File>e:\Program Files\PopCap Games\Plants vs. Zombies\drm\content\UpdateUI\UpdateAvailableDialogNext\layout.xml.bin</File>
	<File>e:\Program Files\PopCap Games\Plants vs. Zombies\drm\content\UpdateUI\UpdateAvailableDialogNext\layout.xml.bin.sig</File>
	<File>e:\Program Files\PopCap Games\Plants vs. Zombies\drm\content\UpdateUI\UpdateDownloadedDialog\control.xml.bin</File>
	<File>e:\Program Files\PopCap Games\Plants vs. Zombies\drm\content\UpdateUI\UpdateDownloadedDialog\control.xml.bin.sig</File>
	<File>e:\Program Files\PopCap Games\Plants vs. Zombies\drm\content\UpdateUI\UpdateDownloadedDialog\layout.xml.bin</File>
	<File>e:\Program Files\PopCap Games\Plants vs. Zombies\drm\content\UpdateUI\UpdateDownloadedDialog\layout.xml.bin.sig</File>
	<File>e:\Program Files\PopCap Games\Plants vs. Zombies\drm\content\UpdateUI\UpdateDownloadFailedDialog\control.xml.bin</File>
	<File>e:\Program Files\PopCap Games\Plants vs. Zombies\drm\content\UpdateUI\UpdateDownloadFailedDialog\control.xml.bin.sig</File>
	<File>e:\Program Files\PopCap Games\Plants vs. Zombies\drm\content\UpdateUI\UpdateDownloadFailedDialog\layout.xml.bin</File>
	<File>e:\Program Files\PopCap Games\Plants vs. Zombies\drm\content\UpdateUI\UpdateDownloadFailedDialog\layout.xml.bin.sig</File>
	<File>e:\Program Files\PopCap Games\Plants vs. Zombies\drm\content\UpdateUI\UpdateInstallingDialog\control.xml.bin</File>
	<File>e:\Program Files\PopCap Games\Plants vs. Zombies\drm\content\UpdateUI\UpdateInstallingDialog\control.xml.bin.sig</File>
	<File>e:\Program Files\PopCap Games\Plants vs. Zombies\drm\content\UpdateUI\UpdateInstallingDialog\layout.xml.bin</File>
	<File>e:\Program Files\PopCap Games\Plants vs. Zombies\drm\content\UpdateUI\UpdateInstallingDialog\layout.xml.bin.sig</File>
	<File>e:\Program Files\PopCap Games\Plants vs. Zombies\drm\content\UpdateUI\UpdateUIBase\control.xml.bin</File>
	<File>e:\Program Files\PopCap Games\Plants vs. Zombies\drm\content\UpdateUI\UpdateUIBase\control.xml.bin.sig</File>
	<File>e:\Program Files\PopCap Games\Plants vs. Zombies\drm\content\UpdateUI\UpdateUIBase\updateui.xml.bin</File>
	<File>e:\Program Files\PopCap Games\Plants vs. Zombies\drm\content\UpdateUI\UpdateUIBase\updateui.xml.bin.sig</File>
	<File>e:\Program Files\PopCap Games\Plants vs. Zombies\drm\content\UpdateUI\_common_assets\images\update\dialog_bg.png</File>
	<File>e:\Program Files\PopCap Games\Plants vs. Zombies\drm\content\UpdateUI\_common_assets\images\update\modal_overlay.jpg</File>
	<File>e:\Program Files\PopCap Games\Plants vs. Zombies\drm\content\UpdateUI\_common_assets\images\update\modal_overlay_.gif</File>
	<File>e:\Program Files\PopCap Games\Plants vs. Zombies\drm\content\UpdateUI\_common_assets\images\update\updatebtn_continue.jpg</File>
	<File>e:\Program Files\PopCap Games\Plants vs. Zombies\drm\content\UpdateUI\_common_assets\images\update\updatebtn_continue2.jpg</File>
	<File>e:\Program Files\PopCap Games\Plants vs. Zombies\drm\content\UpdateUI\_common_assets\images\update\updatebtn_continue2_.gif</File>
	<File>e:\Program Files\PopCap Games\Plants vs. Zombies\drm\content\UpdateUI\_common_assets\images\update\updatebtn_continue3.jpg</File>
	<File>e:\Program Files\PopCap Games\Plants vs. Zombies\drm\content\UpdateUI\_common_assets\images\update\updatebtn_continue3_.gif</File>
	<File>e:\Program Files\PopCap Games\Plants vs. Zombies\drm\content\UpdateUI\_common_assets\images\update\updatebtn_continue_.gif</File>
	<File>e:\Program Files\PopCap Games\Plants vs. Zombies\drm\content\UpdateUI\_common_assets\images\update\updatebtn_downloadnow.jpg</File>
	<File>e:\Program Files\PopCap Games\Plants vs. Zombies\drm\content\UpdateUI\_common_assets\images\update\updatebtn_downloadnow2.jpg</File>
	<File>e:\Program Files\PopCap Games\Plants vs. Zombies\drm\content\UpdateUI\_common_assets\images\update\updatebtn_downloadnow2_.gif</File>
	<File>e:\Program Files\PopCap Games\Plants vs. Zombies\drm\content\UpdateUI\_common_assets\images\update\updatebtn_downloadnow3.jpg</File>
	<File>e:\Program Files\PopCap Games\Plants vs. Zombies\drm\content\UpdateUI\_common_assets\images\update\updatebtn_downloadnow3_.gif</File>
	<File>e:\Program Files\PopCap Games\Plants vs. Zombies\drm\content\UpdateUI\_common_assets\images\update\updatebtn_downloadnow_.gif</File>
	<File>e:\Program Files\PopCap Games\Plants vs. Zombies\drm\content\UpdateUI\_common_assets\images\update\updatebtn_install.jpg</File>
	<File>e:\Program Files\PopCap Games\Plants vs. Zombies\drm\content\UpdateUI\_common_assets\images\update\updatebtn_install2.jpg</File>
	<File>e:\Program Files\PopCap Games\Plants vs. Zombies\drm\content\UpdateUI\_common_assets\images\update\updatebtn_install2_.gif</File>
	<File>e:\Program Files\PopCap Games\Plants vs. Zombies\drm\content\UpdateUI\_common_assets\images\update\updatebtn_install3.jpg</File>
	<File>e:\Program Files\PopCap Games\Plants vs. Zombies\drm\content\UpdateUI\_common_assets\images\update\updatebtn_install3_.gif</File>
	<File>e:\Program Files\PopCap Games\Plants vs. Zombies\drm\content\UpdateUI\_common_assets\images\update\updatebtn_install_.gif</File>
	<File>e:\Program Files\PopCap Games\Plants vs. Zombies\drm\content\UpdateUI\_common_assets\images\update\updatebtn_nothanks.jpg</File>
	<File>e:\Program Files\PopCap Games\Plants vs. Zombies\drm\content\UpdateUI\_common_assets\images\update\updatebtn_nothanks2.jpg</File>
	<File>e:\Program Files\PopCap Games\Plants vs. Zombies\drm\content\UpdateUI\_common_assets\images\update\updatebtn_nothanks2_.gif</File>
	<File>e:\Program Files\PopCap Games\Plants vs. Zombies\drm\content\UpdateUI\_common_assets\images\update\updatebtn_nothanks3.jpg</File>
	<File>e:\Program Files\PopCap Games\Plants vs. Zombies\drm\content\UpdateUI\_common_assets\images\update\updatebtn_nothanks3_.gif</File>
	<File>e:\Program Files\PopCap Games\Plants vs. Zombies\drm\content\UpdateUI\_common_assets\images\update\updatebtn_nothanks_.gif</File>
	<File>e:\Program Files\PopCap Games\Plants vs. Zombies\drm\content\UpdateUI\_common_assets\images\update\update_dlinprogress.jpg</File>
	<File>e:\Program Files\PopCap Games\Plants vs. Zombies\drm\content\UpdateUI\_common_assets\images\update\update_dlinprogress_.gif</File>
	<File>e:\Program Files\PopCap Games\Plants vs. Zombies\drm\content\UpdateUI\_common_assets\images\update\update_installerror.jpg</File>
	<File>e:\Program Files\PopCap Games\Plants vs. Zombies\drm\content\UpdateUI\_common_assets\images\update\update_installerror_.gif</File>
	<File>e:\Program Files\PopCap Games\Plants vs. Zombies\drm\content\UpdateUI\_common_assets\images\update\update_installsuccess.jpg</File>
	<File>e:\Program Files\PopCap Games\Plants vs. Zombies\drm\content\UpdateUI\_common_assets\images\update\update_installsuccess_.gif</File>
	<File>e:\Program Files\PopCap Games\Plants vs. Zombies\drm\content\UpdateUI\_common_assets\images\update\update_text.jpg</File>
	<File>e:\Program Files\PopCap Games\Plants vs. Zombies\drm\content\UpdateUI\_common_assets\strings.xml.bin</File>
	<File>e:\Program Files\PopCap Games\Plants vs. Zombies\drm\content\UpdateUI\_common_assets\strings.xml.bin.sig</File>
	<File>e:\Program Files\PopCap Games\Plants vs. Zombies\drm\layout.xml.bin</File>
	<File>e:\Program Files\PopCap Games\Plants vs. Zombies\drm\layout.xml.bin.sig</File>
	<File>e:\Program Files\PopCap Games\Plants vs. Zombies\drm\strings.xml.bin</File>
	<File>e:\Program Files\PopCap Games\Plants vs. Zombies\drm\strings.xml.bin.sig</File>
	<File>e:\Program Files\PopCap Games\Plants vs. Zombies\drm.xml.bin</File>
	<File>e:\Program Files\PopCap Games\Plants vs. Zombies\drm.xml.bin.sig</File>
	<File>e:\Program Files\PopCap Games\Plants vs. Zombies\DynamicContentLib.dll</File>
	<File>e:\Program Files\PopCap Games\Plants vs. Zombies\eula.rtf</File>
	<File>e:\Program Files\PopCap Games\Plants vs. Zombies\gameversion.xml.bin</File>
	<File>e:\Program Files\PopCap Games\Plants vs. Zombies\gameversion.xml.bin.sig</File>
	<File>e:\Program Files\PopCap Games\Plants vs. Zombies\main.pak</File>
	<File>e:\Program Files\PopCap Games\Plants vs. Zombies\PlantsVsZombies.dat</File>
	<File>e:\Program Files\PopCap Games\Plants vs. Zombies\PlantsVsZombies.exe</File>
	<File>e:\Program Files\PopCap Games\Plants vs. Zombies\PopUninstall.exe</File>
	<File>e:\Program Files\PopCap Games\Plants vs. Zombies\properties\partner.xml</File>
	<File>e:\Program Files\PopCap Games\Plants vs. Zombies\properties\partner.xml.sig</File>
	<File>e:\Program Files\PopCap Games\Plants vs. Zombies\properties\partner.xml.sig2</File>
	<File>e:\Program Files\PopCap Games\Plants vs. Zombies\properties\partner_logo.jpg</File>
	<File>e:\Program Files\PopCap Games\Plants vs. Zombies\readme.html</File>
	<File>e:\Program Files\PopCap Games\Plants vs. Zombies\steam_api.dll</File>
	<File>e:\Program Files\PopCap Games\Plants vs. Zombies\systemversion.xml.bin</File>
	<File>e:\Program Files\PopCap Games\Plants vs. Zombies\systemversion.xml.bin.sig</File>
	<File>e:\Program Files\PopCap Games\Plants vs. Zombies\XLayout.dll</File>
	<GameExplorerGuid>{D276A958-E989-48B1-884B-FABCB5499AA3}</GameExplorerGuid>
	<UninstallDeltree>C:\ProgramData\Microsoft\Windows\GameExplorer\{D276A958-E989-48B1-884B-FABCB5499AA3}</UninstallDeltree>
	<Registry>
		<RegValue>
			<Key>HKLM\SOFTWARE\PopCap\PlantsVsZombies</Key>
			<Name>InstallPath</Name>
		</RegValue>
		<RegValue>
			<Key>HKLM\SOFTWARE\PopCap\PlantsVsZombies</Key>
			<Name>FullInstallPath</Name>
		</RegValue>
		<RegValue>
			<Key>HKLM\SOFTWARE\PopCap\PlantsVsZombies</Key>
			<Name>RegistryDataLocation</Name>
		</RegValue>
	</Registry>
	<UninstallDelRegKey>HKLM\SOFTWARE\Microsoft\Windows\CurrentVersion\Uninstall\Plants vs. Zombies</UninstallDelRegKey>
	<File>%AppFolder%\%GameName%\Play %GameName%.lnk</File>
	<File>%AppFolder%\%GameName%\View Readme.lnk</File>
	<File>%AppFolder%\%GameName%\Uninstall %GameName%.lnk</File>
	<File>%AppFolder%\%GameName%\Visit PopCap.com.url</File>
	<File>#HasDirectoriesExcept e:\Program Files\PopCap Games,Plants vs. Zombies, | %CommonDesktop%\Play More Great Games!.url</File>
	<File>#HasDirectoriesExcept e:\Program Files\PopCap Games,Plants vs. Zombies, | e:\Program Files\PopCap Games\moregames.ico</File>
	<File>%CommonDesktop%\%GameName%.lnk</File>
	<File>C:\ProgramData\Microsoft\Windows\GameExplorer\{D276A958-E989-48B1-884B-FABCB5499AA3}\PlayTasks\0\%GameName%.lnk</File>
	<Defines>
		<Define>
			<Name>GAMEDIR</Name>
			<Value>Plants vs. Zombies</Value>
		</Define>
		<Define>
			<Name>GAMEEXE</Name>
			<Value>PlantsVsZombies.exe</Value>
		</Define>
		<Define>
			<Name>GAMENAME</Name>
			<Value>Plants vs. Zombies</Value>
		</Define>
		<Define>
			<Name>INSTALLGROUP</Name>
			<Value>PopCap Games</Value>
		</Define>
		<Define>
			<Name>INSTALLNAME</Name>
			<Value>%GameName%</Value>
		</Define>
		<Define>
			<Name>INSTALLPATH</Name>
			<Value>e:\Program Files\PopCap Games</Value>
		</Define>
		<Define>
			<Name>PARTNERNAME</Name>
			<Value>PopCap Games</Value>
		</Define>
		<Define>
			<Name>PRODNAME</Name>
			<Value>PlantsVsZombies</Value>
		</Define>
		<Define>
			<Name>REGFULLINSTALLPATH</Name>
			<Value>#Registry HKLM\Software\PopCap\%ProdName%, FullInstallPath</Value>
		</Define>
		<Define>
			<Name>REGGROUP</Name>
			<Value>PopCap</Value>
		</Define>
		<Define>
			<Name>UNINSTALLPATH</Name>
			<Value>#IfSet %RegFullInstallPath%, %RegFullInstallPath% | %InstallPath%\%GameDir%</Value>
		</Define>
		<Define>
			<Name>USERKEYLOCATION</Name>
			<Value>HKCU</Value>
		</Define>
	</Defines>
</InstallLog>
